// Vitest Snapshot v1, https://vitest.dev/guide/snapshot.html

exports[`should skip components without example file 1`] = `
[
  {
    "components": [],
    "content": "Readme.md",
    "name": "Readme",
    "sections": [],
  },
  {
    "components": [
      {
        "filepath": "components/Button/Button.js",
        "hasExamples": "require()",
      },
    ],
    "name": "Components",
    "sections": [],
  },
  {
    "components": [],
    "name": "Nesting",
    "sections": [
      {
        "components": [
          {
            "filepath": "components/Modal/Modal.js",
            "hasExamples": "require()",
          },
        ],
        "name": "Nested",
        "sections": [],
      },
    ],
  },
]
`;
