// Vitest Snapshot v1, https://vitest.dev/guide/snapshot.html

exports[`getComponents() should return an object for components 1`] = `
[
  {
    "filepath": "../../Foo.js",
    "hasExamples": false,
    "metadata": {},
    "module": {
      "__rsgImport": "Foo.js",
    },
    "pathLine": "../../Foo.js",
    "props": {
      "__rsgDefault": true,
      "__rsgImport": "virtual:rsg-props?file=Foo.js&rsg",
    },
    "slug": "foo",
  },
  {
    "filepath": "../../Bar.js",
    "hasExamples": false,
    "metadata": {},
    "module": {
      "__rsgImport": "Bar.js",
    },
    "pathLine": "../../Bar.js",
    "props": {
      "__rsgDefault": true,
      "__rsgImport": "virtual:rsg-props?file=Bar.js&rsg",
    },
    "slug": "bar",
  },
]
`;
