// Vitest Snapshot v1, https://vitest.dev/guide/snapshot.html

exports[`processComponent() should return an object for section with content 1`] = `
{
  "filepath": "../../../../pizza.js",
  "hasExamples": true,
  "metadata": {},
  "module": {
    "__rsgImport": "pizza.js",
  },
  "pathLine": "../../../../pizza.js",
  "props": {
    "__rsgDefault": true,
    "__rsgImport": "rsg-props:pizza.js",
  },
  "slug": "pizza",
}
`;
