// Vitest Snapshot v1, https://vitest.dev/guide/snapshot.html

exports[`Markdown Table > should render a table 1`] = `
<table
  class="rsg--table-2321044498"
>
  <thead
    class="rsg--thead-3739114682"
  >
    <tr>
      <th
        class="rsg--th-1677232350 rsg--td-1677232350"
      >
        1st header
      </th>
      <th
        class="rsg--th-1677232350 rsg--td-1677232350"
      >
        2nd header
      </th>
    </tr>
  </thead>
  <tbody>
    <tr>
      <td
        class="rsg--td-1677232350"
      >
        1st cell
      </td>
      <td
        class="rsg--td-1677232350"
      >
        2nd cell
      </td>
    </tr>
  </tbody>
</table>
`;
